
Discarded input sections

 .text          0x0000000000000000        0x0 build/startup.o
 .data          0x0000000000000000        0x0 build/startup.o
 .bss           0x0000000000000000        0x0 build/startup.o
 .group         0x0000000000000000        0xc build/main.o
 .group         0x0000000000000000        0xc build/main.o
 .text          0x0000000000000000       0x1c build/main.o
 .data          0x0000000000000000        0x0 build/main.o
 .group         0x0000000000000000        0xc build/build_id.o
 .text          0x0000000000000000        0x0 build/build_id.o
 .data          0x0000000000000000        0x0 build/build_id.o
 .bss           0x0000000000000000        0x0 build/build_id.o
 .debug_macro   0x0000000000000000      0xa7e build/build_id.o

Memory Configuration

Name             Origin             Length             Attributes
FLASH            0x0000000008000000 0x0000000000040000 xr
RAM              0x0000000020000000 0x000000000000c000 xrw
*default*        0x0000000000000000 0xffffffffffffffff

Linker script and memory map

LOAD build/startup.o
LOAD build/main.o
LOAD build/build_id.o
START GROUP
LOAD /usr/lib/gcc/arm-none-eabi/10.3.1/thumb/v7e-m+fp/hard/libgcc.a
LOAD /usr/lib/gcc/arm-none-eabi/10.3.1/../../../arm-none-eabi/lib/thumb/v7e-m+fp/hard/libc.a
END GROUP
                0x0000000000000800                _stack_size = 0x800
                0x000000002000c000                _estack = (ORIGIN (RAM) + LENGTH (RAM))
                0x000000002000b800                _sstack = (_estack - _stack_size)

.isr_vector     0x0000000008000000       0x40
 *(.isr_vector)
 .isr_vector    0x0000000008000000       0x40 build/startup.o
                0x0000000008000000                g_pfnVectors

.text           0x0000000008000040      0x264
 *(.text*)
 .text.Reset_Handler
                0x0000000008000040       0xb8 build/startup.o
                0x0000000008000040                Reset_Handler
 .text.Default_Handler
                0x00000000080000f8        0x4 build/startup.o
                0x00000000080000f8                Default_Handler
 .text.SysTick_Handler
                0x00000000080000fc       0x10 build/startup.o
                0x00000000080000fc                SysTick_Handler
 .text.startup  0x000000000800010c      0x198 build/main.o
                0x000000000800010c                main
 *(.rodata*)
 *(.glue_7*)
 .glue_7        0x00000000080002a4        0x0 linker stubs
 .glue_7t       0x00000000080002a4        0x0 linker stubs
 *(.glue_7t*)
 *(.eh_frame*)

.vfp11_veneer   0x00000000080002a4        0x0
 .vfp11_veneer  0x00000000080002a4        0x0 linker stubs

.v4_bx          0x00000000080002a4        0x0
 .v4_bx         0x00000000080002a4        0x0 linker stubs

.iplt           0x00000000080002a4        0x0
 .iplt          0x00000000080002a4        0x0 build/startup.o

.build_id       0x00000000080002a4       0xb5
 *(.build_id)
 .build_id      0x00000000080002a4       0xb5 build/build_id.o
                0x00000000080002a4                g_build_id

.rel.dyn        0x000000000800035c        0x0
 .rel.iplt      0x000000000800035c        0x0 build/startup.o

.data           0x0000000020000000        0x0 load address 0x00000000080002a4
                0x0000000020000000                _sdata = .
 *(.data*)
                0x0000000020000000                _edata = .
                0x00000000080002a4                _sidata = LOADADDR (.data)

.igot.plt       0x0000000020000000        0x0
 .igot.plt      0x0000000020000000        0x0 build/startup.o

.bss            0x0000000020000000        0x4
                0x0000000020000000                _sbss = .
 *(.bss*)
 .bss           0x0000000020000000        0x4 build/main.o
                0x0000000020000000                g_systick_ms
 *(COMMON)
                0x0000000020000004                _ebss = .
                0x0000000020000004                _end = .
                0x0000000000000001                ASSERT ((_ebss <= _sstack), ERROR: RAM overflow: .bss overlaps reserved stack)
OUTPUT(build/blink.elf elf32-littlearm)
LOAD linker stubs

.ARM.attributes
                0x0000000000000000       0x35
 .ARM.attributes
                0x0000000000000000       0x25 build/startup.o
 .ARM.attributes
                0x0000000000000025       0x34 build/main.o
 .ARM.attributes
                0x0000000000000059       0x39 build/build_id.o

.comment        0x0000000000000000       0x33
 .comment       0x0000000000000000       0x33 build/main.o
                                         0x34 (size before relaxing)
 .comment       0x0000000000000033       0x34 build/build_id.o

.debug_info     0x0000000000000000      0x300
 .debug_info    0x0000000000000000      0x2a4 build/main.o
 .debug_info    0x00000000000002a4       0x5c build/build_id.o

.debug_abbrev   0x0000000000000000      0x1d3
 .debug_abbrev  0x0000000000000000      0x189 build/main.o
 .debug_abbrev  0x0000000000000189       0x4a build/build_id.o

.debug_loc      0x0000000000000000       0xf5
 .debug_loc     0x0000000000000000       0xf5 build/main.o

.debug_aranges  0x0000000000000000       0x40
 .debug_aranges
                0x0000000000000000       0x28 build/main.o
 .debug_aranges
                0x0000000000000028       0x18 build/build_id.o

.debug_ranges   0x0000000000000000       0x70
 .debug_ranges  0x0000000000000000       0x70 build/main.o

.debug_macro    0x0000000000000000      0xec3
 .debug_macro   0x0000000000000000       0xe6 build/main.o
 .debug_macro   0x00000000000000e6      0xa7e build/main.o
 .debug_macro   0x0000000000000b64      0x34e build/main.o
 .debug_macro   0x0000000000000eb2       0x11 build/build_id.o

.debug_line     0x0000000000000000      0x39d
 .debug_line    0x0000000000000000      0x372 build/main.o
 .debug_line    0x0000000000000372       0x2b build/build_id.o

.debug_str      0x0000000000000000     0x3b04
 .debug_str     0x0000000000000000     0x3aee build/main.o
                                       0x3c51 (size before relaxing)
 .debug_str     0x0000000000003aee       0x16 build/build_id.o
                                       0x2d0e (size before relaxing)

.debug_frame    0x0000000000000000       0x30
 .debug_frame   0x0000000000000000       0x30 build/main.o
